Archive member included to satisfy reference by file (symbol)

/app/stm32cubeide/plugins/com.st.stm32cube.ide.mcu.externaltools.gnu-tools-for-stm32.10.3-2021.10.linux64_1.0.200.202301161003/tools/bin/../lib/gcc/arm-none-eabi/10.3.1/../../../../arm-none-eabi/lib/thumb/v7-m/nofp/libc_nano.a(lib_a-errno.o)
                              ./Core/Src/syscalls.o (__errno)
/app/stm32cubeide/plugins/com.st.stm32cube.ide.mcu.externaltools.gnu-tools-for-stm32.10.3-2021.10.linux64_1.0.200.202301161003/tools/bin/../lib/gcc/arm-none-eabi/10.3.1/../../../../arm-none-eabi/lib/thumb/v7-m/nofp/libc_nano.a(lib_a-exit.o)
                              /app/stm32cubeide/plugins/com.st.stm32cube.ide.mcu.externaltools.gnu-tools-for-stm32.10.3-2021.10.linux64_1.0.200.202301161003/tools/bin/../lib/gcc/arm-none-eabi/10.3.1/../../../../arm-none-eabi/lib/thumb/v7-m/nofp/crt0.o (exit)
/app/stm32cubeide/plugins/com.st.stm32cube.ide.mcu.externaltools.gnu-tools-for-stm32.10.3-2021.10.linux64_1.0.200.202301161003/tools/bin/../lib/gcc/arm-none-eabi/10.3.1/../../../../arm-none-eabi/lib/thumb/v7-m/nofp/libc_nano.a(lib_a-impure.o)
                              /app/stm32cubeide/plugins/com.st.stm32cube.ide.mcu.externaltools.gnu-tools-for-stm32.10.3-2021.10.linux64_1.0.200.202301161003/tools/bin/../lib/gcc/arm-none-eabi/10.3.1/../../../../arm-none-eabi/lib/thumb/v7-m/nofp/libc_nano.a(lib_a-exit.o) (_global_impure_ptr)
/app/stm32cubeide/plugins/com.st.stm32cube.ide.mcu.externaltools.gnu-tools-for-stm32.10.3-2021.10.linux64_1.0.200.202301161003/tools/bin/../lib/gcc/arm-none-eabi/10.3.1/../../../../arm-none-eabi/lib/thumb/v7-m/nofp/libc_nano.a(lib_a-init.o)
                              /app/stm32cubeide/plugins/com.st.stm32cube.ide.mcu.externaltools.gnu-tools-for-stm32.10.3-2021.10.linux64_1.0.200.202301161003/tools/bin/../lib/gcc/arm-none-eabi/10.3.1/../../../../arm-none-eabi/lib/thumb/v7-m/nofp/crt0.o (__libc_init_array)
/app/stm32cubeide/plugins/com.st.stm32cube.ide.mcu.externaltools.gnu-tools-for-stm32.10.3-2021.10.linux64_1.0.200.202301161003/tools/bin/../lib/gcc/arm-none-eabi/10.3.1/../../../../arm-none-eabi/lib/thumb/v7-m/nofp/libc_nano.a(lib_a-memset.o)
                              /app/stm32cubeide/plugins/com.st.stm32cube.ide.mcu.externaltools.gnu-tools-for-stm32.10.3-2021.10.linux64_1.0.200.202301161003/tools/bin/../lib/gcc/arm-none-eabi/10.3.1/../../../../arm-none-eabi/lib/thumb/v7-m/nofp/crt0.o (memset)

Discarded input sections

 .text          0x0000000000000000        0x0 /app/stm32cubeide/plugins/com.st.stm32cube.ide.mcu.externaltools.gnu-tools-for-stm32.10.3-2021.10.linux64_1.0.200.202301161003/tools/bin/../lib/gcc/arm-none-eabi/10.3.1/thumb/v7-m/nofp/crti.o
 .data          0x0000000000000000        0x0 /app/stm32cubeide/plugins/com.st.stm32cube.ide.mcu.externaltools.gnu-tools-for-stm32.10.3-2021.10.linux64_1.0.200.202301161003/tools/bin/../lib/gcc/arm-none-eabi/10.3.1/thumb/v7-m/nofp/crti.o
 .bss           0x0000000000000000        0x0 /app/stm32cubeide/plugins/com.st.stm32cube.ide.mcu.externaltools.gnu-tools-for-stm32.10.3-2021.10.linux64_1.0.200.202301161003/tools/bin/../lib/gcc/arm-none-eabi/10.3.1/thumb/v7-m/nofp/crti.o
 .data          0x0000000000000000        0x4 /app/stm32cubeide/plugins/com.st.stm32cube.ide.mcu.externaltools.gnu-tools-for-stm32.10.3-2021.10.linux64_1.0.200.202301161003/tools/bin/../lib/gcc/arm-none-eabi/10.3.1/thumb/v7-m/nofp/crtbegin.o
 .rodata        0x0000000000000000       0x24 /app/stm32cubeide/plugins/com.st.stm32cube.ide.mcu.externaltools.gnu-tools-for-stm32.10.3-2021.10.linux64_1.0.200.202301161003/tools/bin/../lib/gcc/arm-none-eabi/10.3.1/thumb/v7-m/nofp/crtbegin.o
 .text          0x0000000000000000       0x7c /app/stm32cubeide/plugins/com.st.stm32cube.ide.mcu.externaltools.gnu-tools-for-stm32.10.3-2021.10.linux64_1.0.200.202301161003/tools/bin/../lib/gcc/arm-none-eabi/10.3.1/../../../../arm-none-eabi/lib/thumb/v7-m/nofp/crt0.o
 .data          0x0000000000000000        0x0 /app/stm32cubeide/plugins/com.st.stm32cube.ide.mcu.externaltools.gnu-tools-for-stm32.10.3-2021.10.linux64_1.0.200.202301161003/tools/bin/../lib/gcc/arm-none-eabi/10.3.1/../../../../arm-none-eabi/lib/thumb/v7-m/nofp/crt0.o
 .bss           0x0000000000000000        0x0 /app/stm32cubeide/plugins/com.st.stm32cube.ide.mcu.externaltools.gnu-tools-for-stm32.10.3-2021.10.linux64_1.0.200.202301161003/tools/bin/../lib/gcc/arm-none-eabi/10.3.1/../../../../arm-none-eabi/lib/thumb/v7-m/nofp/crt0.o
 .ARM.extab     0x0000000000000000        0x0 /app/stm32cubeide/plugins/com.st.stm32cube.ide.mcu.externaltools.gnu-tools-for-stm32.10.3-2021.10.linux64_1.0.200.202301161003/tools/bin/../lib/gcc/arm-none-eabi/10.3.1/../../../../arm-none-eabi/lib/thumb/v7-m/nofp/crt0.o
 .ARM.exidx     0x0000000000000000       0x10 /app/stm32cubeide/plugins/com.st.stm32cube.ide.mcu.externaltools.gnu-tools-for-stm32.10.3-2021.10.linux64_1.0.200.202301161003/tools/bin/../lib/gcc/arm-none-eabi/10.3.1/../../../../arm-none-eabi/lib/thumb/v7-m/nofp/crt0.o
[...]
Memory Configuration

Name             Origin             Length             Attributes
RAM              0x0000000020000000 0x0000000000005000 xrw
FLASH            0x0000000008000000 0x0000000000010000 xr
*default*        0x0000000000000000 0xffffffffffffffff

Linker script and memory map

LOAD /app/stm32cubeide/plugins/com.st.stm32cube.ide.mcu.externaltools.gnu-tools-for-stm32.10.3-2021.10.linux64_1.0.200.202301161003/tools/bin/../lib/gcc/arm-none-eabi/10.3.1/thumb/v7-m/nofp/crti.o
LOAD /app/stm32cubeide/plugins/com.st.stm32cube.ide.mcu.externaltools.gnu-tools-for-stm32.10.3-2021.10.linux64_1.0.200.202301161003/tools/bin/../lib/gcc/arm-none-eabi/10.3.1/thumb/v7-m/nofp/crtbegin.o
LOAD /app/stm32cubeide/plugins/com.st.stm32cube.ide.mcu.externaltools.gnu-tools-for-stm32.10.3-2021.10.linux64_1.0.200.202301161003/tools/bin/../lib/gcc/arm-none-eabi/10.3.1/../../../../arm-none-eabi/lib/thumb/v7-m/nofp/crt0.o
LOAD ./Core/Src/font.o
LOAD ./Core/Src/main.o
LOAD ./Core/Src/ssd1306.o
LOAD ./Core/Src/stm32f1xx_hal_msp.o
LOAD ./Core/Src/stm32f1xx_it.o
LOAD ./Core/Src/syscalls.o
LOAD ./Core/Src/sysmem.o
LOAD ./Core/Src/system_stm32f1xx.o
LOAD ./Core/Startup/startup_stm32f103c8tx.o
LOAD ./Drivers/STM32F1xx_HAL_Driver/Src/stm32f1xx_hal.o
LOAD ./Drivers/STM32F1xx_HAL_Driver/Src/stm32f1xx_hal_cortex.o
LOAD ./Drivers/STM32F1xx_HAL_Driver/Src/stm32f1xx_hal_dma.o
LOAD ./Drivers/STM32F1xx_HAL_Driver/Src/stm32f1xx_hal_exti.o
LOAD ./Drivers/STM32F1xx_HAL_Driver/Src/stm32f1xx_hal_flash.o
LOAD ./Drivers/STM32F1xx_HAL_Driver/Src/stm32f1xx_hal_flash_ex.o
LOAD ./Drivers/STM32F1xx_HAL_Driver/Src/stm32f1xx_hal_gpio.o
LOAD ./Drivers/STM32F1xx_HAL_Driver/Src/stm32f1xx_hal_gpio_ex.o
LOAD ./Drivers/STM32F1xx_HAL_Driver/Src/stm32f1xx_hal_i2c.o
LOAD ./Drivers/STM32F1xx_HAL_Driver/Src/stm32f1xx_hal_pwr.o
LOAD ./Drivers/STM32F1xx_HAL_Driver/Src/stm32f1xx_hal_rcc.o
LOAD ./Drivers/STM32F1xx_HAL_Driver/Src/stm32f1xx_hal_rcc_ex.o
LOAD ./Drivers/STM32F1xx_HAL_Driver/Src/stm32f1xx_hal_tim.o
LOAD ./Drivers/STM32F1xx_HAL_Driver/Src/stm32f1xx_hal_tim_ex.o
START GROUP
LOAD /app/stm32cubeide/plugins/com.st.stm32cube.ide.mcu.externaltools.gnu-tools-for-stm32.10.3-2021.10.linux64_1.0.200.202301161003/tools/bin/../lib/gcc/arm-none-eabi/10.3.1/../../../../arm-none-eabi/lib/thumb/v7-m/nofp/libc_nano.a
LOAD /app/stm32cubeide/plugins/com.st.stm32cube.ide.mcu.externaltools.gnu-tools-for-stm32.10.3-2021.10.linux64_1.0.200.202301161003/tools/bin/../lib/gcc/arm-none-eabi/10.3.1/../../../../arm-none-eabi/lib/thumb/v7-m/nofp/libm.a
END GROUP
START GROUP
LOAD /app/stm32cubeide/plugins/com.st.stm32cube.ide.mcu.externaltools.gnu-tools-for-stm32.10.3-2021.10.linux64_1.0.200.202301161003/tools/bin/../lib/gcc/arm-none-eabi/10.3.1/thumb/v7-m/nofp/libgcc.a
LOAD /app/stm32cubeide/plugins/com.st.stm32cube.ide.mcu.externaltools.gnu-tools-for-stm32.10.3-2021.10.linux64_1.0.200.202301161003/tools/bin/../lib/gcc/arm-none-eabi/10.3.1/../../../../arm-none-eabi/lib/thumb/v7-m/nofp/libc_nano.a
END GROUP
START GROUP
LOAD /app/stm32cubeide/plugins/com.st.stm32cube.ide.mcu.externaltools.gnu-tools-for-stm32.10.3-2021.10.linux64_1.0.200.202301161003/tools/bin/../lib/gcc/arm-none-eabi/10.3.1/thumb/v7-m/nofp/libgcc.a
LOAD /app/stm32cubeide/plugins/com.st.stm32cube.ide.mcu.externaltools.gnu-tools-for-stm32.10.3-2021.10.linux64_1.0.200.202301161003/tools/bin/../lib/gcc/arm-none-eabi/10.3.1/../../../../arm-none-eabi/lib/thumb/v7-m/nofp/libc_nano.a
LOAD /app/stm32cubeide/plugins/com.st.stm32cube.ide.mcu.externaltools.gnu-tools-for-stm32.10.3-2021.10.linux64_1.0.200.202301161003/tools/bin/../lib/gcc/arm-none-eabi/10.3.1/../../../../arm-none-eabi/lib/thumb/v7-m/nofp/libnosys.a
END GROUP
START GROUP
LOAD /app/stm32cubeide/plugins/com.st.stm32cube.ide.mcu.externaltools.gnu-tools-for-stm32.10.3-2021.10.linux64_1.0.200.202301161003/tools/bin/../lib/gcc/arm-none-eabi/10.3.1/thumb/v7-m/nofp/libgcc.a
LOAD /app/stm32cubeide/plugins/com.st.stm32cube.ide.mcu.externaltools.gnu-tools-for-stm32.10.3-2021.10.linux64_1.0.200.202301161003/tools/bin/../lib/gcc/arm-none-eabi/10.3.1/../../../../arm-none-eabi/lib/thumb/v7-m/nofp/libc_nano.a
LOAD /app/stm32cubeide/plugins/com.st.stm32cube.ide.mcu.externaltools.gnu-tools-for-stm32.10.3-2021.10.linux64_1.0.200.202301161003/tools/bin/../lib/gcc/arm-none-eabi/10.3.1/../../../../arm-none-eabi/lib/thumb/v7-m/nofp/libnosys.a
END GROUP
LOAD /app/stm32cubeide/plugins/com.st.stm32cube.ide.mcu.externaltools.gnu-tools-for-stm32.10.3-2021.10.linux64_1.0.200.202301161003/tools/bin/../lib/gcc/arm-none-eabi/10.3.1/thumb/v7-m/nofp/crtend.o
LOAD /app/stm32cubeide/plugins/com.st.stm32cube.ide.mcu.externaltools.gnu-tools-for-stm32.10.3-2021.10.linux64_1.0.200.202301161003/tools/bin/../lib/gcc/arm-none-eabi/10.3.1/thumb/v7-m/nofp/crtn.o
                0x0000000020005000                _estack = (ORIGIN (RAM) + LENGTH (RAM))
                0x0000000000000200                _Min_Heap_Size = 0x200
                0x0000000000000400                _Min_Stack_Size = 0x400

.isr_vector     0x0000000008000000      0x10c
                0x0000000008000000                . = ALIGN (0x4)
 *(.isr_vector)
 .isr_vector    0x0000000008000000      0x10c ./Core/Startup/startup_stm32f103c8tx.o
                0x0000000008000000                g_pfnVectors
                0x000000000800010c                . = ALIGN (0x4)

.text           0x000000000800010c     0x26e8
                0x000000000800010c                . = ALIGN (0x4)
 *(.text)
 .text          0x000000000800010c       0x40 /app/stm32cubeide/plugins/com.st.stm32cube.ide.mcu.externaltools.gnu-tools-for-stm32.10.3-2021.10.linux64_1.0.200.202301161003/tools/bin/../lib/gcc/arm-none-eabi/10.3.1/thumb/v7-m/nofp/crtbegin.o
 *(.text*)
 .text.main     0x000000000800014c       0xec ./Core/Src/main.o
                0x000000000800014c                main
 .text.SystemClock_Config
                0x0000000008000238       0x8a ./Core/Src/main.o
                0x0000000008000238                SystemClock_Config
 *fill*         0x00000000080002c2        0x2 
 .text.MX_I2C1_Init
                0x00000000080002c4       0x5c ./Core/Src/main.o
 .text.MX_GPIO_Init
                0x0000000008000320       0x5c ./Core/Src/main.o
 .text.Error_Handler
                0x000000000800037c        0xa ./Core/Src/main.o
                0x000000000800037c                Error_Handler
 .text.width    0x0000000008000386        0xe ./Core/Src/ssd1306.o
 .text.height   0x0000000008000394        0xe ./Core/Src/ssd1306.o
 .text.ssd1306_GetWidth
                0x00000000080003a2        0xe ./Core/Src/ssd1306.o
                0x00000000080003a2                ssd1306_GetWidth
 .text.ssd1306_GetHeight
                0x00000000080003b0        0xe ./Core/Src/ssd1306.o
                0x00000000080003b0                ssd1306_GetHeight
 *fill*         0x00000000080003be        0x2 
 .text.ssd1306_SetColor
                0x00000000080003c0       0x20 ./Core/Src/ssd1306.o
                0x00000000080003c0                ssd1306_SetColor
 .text.ssd1306_Init
                0x00000000080003e0      0x134 ./Core/Src/ssd1306.o
                0x00000000080003e0                ssd1306_Init
 .text.ssd1306_DrawRectangle
                0x0000000008000514       0x76 ./Core/Src/ssd1306.o
                0x0000000008000514                ssd1306_DrawRectangle
 *fill*         0x000000000800058a        0x2 
 .text.ssd1306_UpdateScreen
                0x000000000800058c       0x54 ./Core/Src/ssd1306.o
                0x000000000800058c                ssd1306_UpdateScreen
 .text.ssd1306_DrawPixel
                0x00000000080005e0       0xec ./Core/Src/ssd1306.o
                0x00000000080005e0                ssd1306_DrawPixel
 .text.ssd1306_DrawLine
                0x00000000080006cc      0x144 ./Core/Src/ssd1306.o
                0x00000000080006cc                ssd1306_DrawLine
 .text.ssd1306_DrawTriangle
                0x0000000008000810       0x62 ./Core/Src/ssd1306.o
                0x0000000008000810                ssd1306_DrawTriangle
 .text.ssd1306_DrawCircle
                0x0000000008000872      0x1d6 ./Core/Src/ssd1306.o
                0x0000000008000872                ssd1306_DrawCircle
 .text.ssd1306_WriteChar
                0x0000000008000a48      0x124 ./Core/Src/ssd1306.o
                0x0000000008000a48                ssd1306_WriteChar
 .text.ssd1306_WriteString
                0x0000000008000b6c       0x4a ./Core/Src/ssd1306.o
                0x0000000008000b6c                ssd1306_WriteString
 *fill*         0x0000000008000bb6        0x2 
 .text.ssd1306_SetCursor
                0x0000000008000bb8       0x30 ./Core/Src/ssd1306.o
                0x0000000008000bb8                ssd1306_SetCursor
 .text.ssd1306_FlipScreenVertically
                0x0000000008000be8       0x14 ./Core/Src/ssd1306.o
                0x0000000008000be8                ssd1306_FlipScreenVertically
 .text.ssd1306_Clear
                0x0000000008000bfc       0x18 ./Core/Src/ssd1306.o
                0x0000000008000bfc                ssd1306_Clear
 .text.ssd1306_WriteCommand
                0x0000000008000c14       0x30 ./Core/Src/ssd1306.o
 .text.ssd1306_WriteData
                0x0000000008000c44       0x30 ./Core/Src/ssd1306.o
 .text.HAL_MspInit
                0x0000000008000c74       0x64 ./Core/Src/stm32f1xx_hal_msp.o
                0x0000000008000c74                HAL_MspInit
 .text.HAL_I2C_MspInit
                0x0000000008000cd8       0x7c ./Core/Src/stm32f1xx_hal_msp.o
                0x0000000008000cd8                HAL_I2C_MspInit
 .text.NMI_Handler
                0x0000000008000d54        0x6 ./Core/Src/stm32f1xx_it.o
                0x0000000008000d54                NMI_Handler
 .text.HardFault_Handler
                0x0000000008000d5a        0x6 ./Core/Src/stm32f1xx_it.o
                0x0000000008000d5a                HardFault_Handler
 .text.MemManage_Handler
                0x0000000008000d60        0x6 ./Core/Src/stm32f1xx_it.o
                0x0000000008000d60                MemManage_Handler
 .text.BusFault_Handler
                0x0000000008000d66        0x6 ./Core/Src/stm32f1xx_it.o
                0x0000000008000d66                BusFault_Handler
 .text.UsageFault_Handler
                0x0000000008000d6c        0x6 ./Core/Src/stm32f1xx_it.o
                0x0000000008000d6c                UsageFault_Handler
 .text.SVC_Handler
                0x0000000008000d72        0xc ./Core/Src/stm32f1xx_it.o
                0x0000000008000d72                SVC_Handler
 .text.DebugMon_Handler
                0x0000000008000d7e        0xc ./Core/Src/stm32f1xx_it.o
                0x0000000008000d7e                DebugMon_Handler
 .text.PendSV_Handler
                0x0000000008000d8a        0xc ./Core/Src/stm32f1xx_it.o
                0x0000000008000d8a                PendSV_Handler
 .text.SysTick_Handler
                0x0000000008000d96        0xc ./Core/Src/stm32f1xx_it.o
                0x0000000008000d96                SysTick_Handler
 .text.SystemInit
                0x0000000008000da2        0xc ./Core/Src/system_stm32f1xx.o
                0x0000000008000da2                SystemInit
 *fill*         0x0000000008000dae        0x2 
 .text.Reset_Handler
                0x0000000008000db0       0x48 ./Core/Startup/startup_stm32f103c8tx.o
                0x0000000008000db0                Reset_Handler
 .text.Default_Handler
                0x0000000008000df8        0x2 ./Core/Startup/startup_stm32f103c8tx.o
                0x0000000008000df8                RTC_Alarm_IRQHandler
                0x0000000008000df8                EXTI2_IRQHandler
                0x0000000008000df8                TIM1_CC_IRQHandler
                0x0000000008000df8                PVD_IRQHandler
                0x0000000008000df8                EXTI3_IRQHandler
                0x0000000008000df8                EXTI0_IRQHandler
                0x0000000008000df8                I2C2_EV_IRQHandler
                0x0000000008000df8                ADC1_2_IRQHandler
                0x0000000008000df8                SPI1_IRQHandler
                0x0000000008000df8                TAMPER_IRQHandler
                0x0000000008000df8                DMA1_Channel4_IRQHandler
                0x0000000008000df8                USART3_IRQHandler
                0x0000000008000df8                RTC_IRQHandler
                0x0000000008000df8                DMA1_Channel7_IRQHandler
                0x0000000008000df8                CAN1_RX1_IRQHandler
                0x0000000008000df8                TIM4_IRQHandler
                0x0000000008000df8                I2C1_EV_IRQHandler
                0x0000000008000df8                DMA1_Channel6_IRQHandler
                0x0000000008000df8                TIM3_IRQHandler
                0x0000000008000df8                RCC_IRQHandler
                0x0000000008000df8                TIM1_TRG_COM_IRQHandler
                0x0000000008000df8                DMA1_Channel1_IRQHandler
                0x0000000008000df8                Default_Handler
                0x0000000008000df8                EXTI15_10_IRQHandler
                0x0000000008000df8                EXTI9_5_IRQHandler
                0x0000000008000df8                SPI2_IRQHandler
                0x0000000008000df8                DMA1_Channel5_IRQHandler
                0x0000000008000df8                EXTI4_IRQHandler
                0x0000000008000df8                USB_LP_CAN1_RX0_IRQHandler
                0x0000000008000df8                USB_HP_CAN1_TX_IRQHandler
                0x0000000008000df8                DMA1_Channel3_IRQHandler
                0x0000000008000df8                TIM1_UP_IRQHandler
                0x0000000008000df8                WWDG_IRQHandler
                0x0000000008000df8                TIM2_IRQHandler
                0x0000000008000df8                TIM1_BRK_IRQHandler
                0x0000000008000df8                EXTI1_IRQHandler
                0x0000000008000df8                USART2_IRQHandler
                0x0000000008000df8                I2C2_ER_IRQHandler
                0x0000000008000df8                DMA1_Channel2_IRQHandler
                0x0000000008000df8                CAN1_SCE_IRQHandler
                0x0000000008000df8                FLASH_IRQHandler
                0x0000000008000df8                USART1_IRQHandler
                0x0000000008000df8                I2C1_ER_IRQHandler
                0x0000000008000df8                USBWakeUp_IRQHandler
 *fill*         0x0000000008000dfa        0x2 
 .text.HAL_Init
                0x0000000008000dfc       0x2c ./Drivers/STM32F1xx_HAL_Driver/Src/stm32f1xx_hal.o
                0x0000000008000dfc                HAL_Init
 .text.HAL_InitTick
                0x0000000008000e28       0x60 ./Drivers/STM32F1xx_HAL_Driver/Src/stm32f1xx_hal.o
                0x0000000008000e28                HAL_InitTick
 .text.HAL_IncTick
                0x0000000008000e88       0x24 ./Drivers/STM32F1xx_HAL_Driver/Src/stm32f1xx_hal.o
                0x0000000008000e88                HAL_IncTick
 .text.HAL_GetTick
                0x0000000008000eac       0x14 ./Drivers/STM32F1xx_HAL_Driver/Src/stm32f1xx_hal.o
                0x0000000008000eac                HAL_GetTick
 .text.HAL_Delay
                0x0000000008000ec0       0x48 ./Drivers/STM32F1xx_HAL_Driver/Src/stm32f1xx_hal.o
                0x0000000008000ec0                HAL_Delay
 .text.__NVIC_SetPriorityGrouping
                0x0000000008000f08       0x48 ./Drivers/STM32F1xx_HAL_Driver/Src/stm32f1xx_hal_cortex.o
 .text.__NVIC_GetPriorityGrouping
                0x0000000008000f50       0x1c ./Drivers/STM32F1xx_HAL_Driver/Src/stm32f1xx_hal_cortex.o
 .text.__NVIC_SetPriority
                0x0000000008000f6c       0x54 ./Drivers/STM32F1xx_HAL_Driver/Src/stm32f1xx_hal_cortex.o
 .text.NVIC_EncodePriority
                0x0000000008000fc0       0x64 ./Drivers/STM32F1xx_HAL_Driver/Src/stm32f1xx_hal_cortex.o
 .text.SysTick_Config
                0x0000000008001024       0x44 ./Drivers/STM32F1xx_HAL_Driver/Src/stm32f1xx_hal_cortex.o
 .text.HAL_NVIC_SetPriorityGrouping
                0x0000000008001068       0x16 ./Drivers/STM32F1xx_HAL_Driver/Src/stm32f1xx_hal_cortex.o
                0x0000000008001068                HAL_NVIC_SetPriorityGrouping
 .text.HAL_NVIC_SetPriority
                0x000000000800107e       0x38 ./Drivers/STM32F1xx_HAL_Driver/Src/stm32f1xx_hal_cortex.o
                0x000000000800107e                HAL_NVIC_SetPriority
 .text.HAL_SYSTICK_Config
                0x00000000080010b6       0x18 ./Drivers/STM32F1xx_HAL_Driver/Src/stm32f1xx_hal_cortex.o
                0x00000000080010b6                HAL_SYSTICK_Config
 *fill*         0x00000000080010ce        0x2 
 .text.HAL_GPIO_Init
                0x00000000080010d0      0x308 ./Drivers/STM32F1xx_HAL_Driver/Src/stm32f1xx_hal_gpio.o
                0x00000000080010d0                HAL_GPIO_Init
 .text.HAL_I2C_Init
                0x00000000080013d8      0x288 ./Drivers/STM32F1xx_HAL_Driver/Src/stm32f1xx_hal_i2c.o
                0x00000000080013d8                HAL_I2C_Init
 .text.HAL_I2C_Mem_Write
                0x0000000008001660      0x1f4 ./Drivers/STM32F1xx_HAL_Driver/Src/stm32f1xx_hal_i2c.o
                0x0000000008001660                HAL_I2C_Mem_Write
 .text.HAL_I2C_IsDeviceReady
                0x0000000008001854      0x25c ./Drivers/STM32F1xx_HAL_Driver/Src/stm32f1xx_hal_i2c.o
                0x0000000008001854                HAL_I2C_IsDeviceReady
 .text.I2C_RequestMemoryWrite
                0x0000000008001ab0      0x12c ./Drivers/STM32F1xx_HAL_Driver/Src/stm32f1xx_hal_i2c.o
 .text.I2C_WaitOnFlagUntilTimeout
                0x0000000008001bdc       0xf4 ./Drivers/STM32F1xx_HAL_Driver/Src/stm32f1xx_hal_i2c.o
 .text.I2C_WaitOnMasterAddressFlagUntilTimeout
                0x0000000008001cd0      0x140 ./Drivers/STM32F1xx_HAL_Driver/Src/stm32f1xx_hal_i2c.o
 .text.I2C_WaitOnTXEFlagUntilTimeout
                0x0000000008001e10       0x90 ./Drivers/STM32F1xx_HAL_Driver/Src/stm32f1xx_hal_i2c.o
 .text.I2C_WaitOnBTFFlagUntilTimeout
                0x0000000008001ea0       0x90 ./Drivers/STM32F1xx_HAL_Driver/Src/stm32f1xx_hal_i2c.o
 .text.I2C_IsAcknowledgeFailed
                0x0000000008001f30       0x5c ./Drivers/STM32F1xx_HAL_Driver/Src/stm32f1xx_hal_i2c.o
 .text.HAL_RCC_OscConfig
                0x0000000008001f8c      0x504 ./Drivers/STM32F1xx_HAL_Driver/Src/stm32f1xx_hal_rcc.o
                0x0000000008001f8c                HAL_RCC_OscConfig
 .text.HAL_RCC_ClockConfig
                0x0000000008002490      0x1d4 ./Drivers/STM32F1xx_HAL_Driver/Src/stm32f1xx_hal_rcc.o
                0x0000000008002490                HAL_RCC_ClockConfig
 .text.HAL_RCC_GetSysClockFreq
                0x0000000008002664       0xa8 ./Drivers/STM32F1xx_HAL_Driver/Src/stm32f1xx_hal_rcc.o
                0x0000000008002664                HAL_RCC_GetSysClockFreq
 .text.HAL_RCC_GetHCLKFreq
                0x000000000800270c       0x14 ./Drivers/STM32F1xx_HAL_Driver/Src/stm32f1xx_hal_rcc.o
                0x000000000800270c                HAL_RCC_GetHCLKFreq
 .text.HAL_RCC_GetPCLK1Freq
                0x0000000008002720       0x28 ./Drivers/STM32F1xx_HAL_Driver/Src/stm32f1xx_hal_rcc.o
                0x0000000008002720                HAL_RCC_GetPCLK1Freq
 .text.RCC_Delay
                0x0000000008002748       0x3c ./Drivers/STM32F1xx_HAL_Driver/Src/stm32f1xx_hal_rcc.o
 .text.__libc_init_array
                0x0000000008002784       0x48 /app/stm32cubeide/plugins/com.st.stm32cube.ide.mcu.externaltools.gnu-tools-for-stm32.10.3-2021.10.linux64_1.0.200.202301161003/tools/bin/../lib/gcc/arm-none-eabi/10.3.1/../../../../arm-none-eabi/lib/thumb/v7-m/nofp/libc_nano.a(lib_a-init.o)
                0x0000000008002784                __libc_init_array
 .text.memset   0x00000000080027cc       0x10 /app/stm32cubeide/plugins/com.st.stm32cube.ide.mcu.externaltools.gnu-tools-for-stm32.10.3-2021.10.linux64_1.0.200.202301161003/tools/bin/../lib/gcc/arm-none-eabi/10.3.1/../../../../arm-none-eabi/lib/thumb/v7-m/nofp/libc_nano.a(lib_a-memset.o)
                0x00000000080027cc                memset
 *(.glue_7)
 .glue_7        0x00000000080027dc        0x0 linker stubs
 *(.glue_7t)
 .glue_7t       0x00000000080027dc        0x0 linker stubs
 *(.eh_frame)
 .eh_frame      0x00000000080027dc        0x0 /app/stm32cubeide/plugins/com.st.stm32cube.ide.mcu.externaltools.gnu-tools-for-stm32.10.3-2021.10.linux64_1.0.200.202301161003/tools/bin/../lib/gcc/arm-none-eabi/10.3.1/thumb/v7-m/nofp/crtbegin.o
 *(.init)
 .init          0x00000000080027dc        0x4 /app/stm32cubeide/plugins/com.st.stm32cube.ide.mcu.externaltools.gnu-tools-for-stm32.10.3-2021.10.linux64_1.0.200.202301161003/tools/bin/../lib/gcc/arm-none-eabi/10.3.1/thumb/v7-m/nofp/crti.o
                0x00000000080027dc                _init
 .init          0x00000000080027e0        0x8 /app/stm32cubeide/plugins/com.st.stm32cube.ide.mcu.externaltools.gnu-tools-for-stm32.10.3-2021.10.linux64_1.0.200.202301161003/tools/bin/../lib/gcc/arm-none-eabi/10.3.1/thumb/v7-m/nofp/crtn.o
 *(.fini)
 .fini          0x00000000080027e8        0x4 /app/stm32cubeide/plugins/com.st.stm32cube.ide.mcu.externaltools.gnu-tools-for-stm32.10.3-2021.10.linux64_1.0.200.202301161003/tools/bin/../lib/gcc/arm-none-eabi/10.3.1/thumb/v7-m/nofp/crti.o
                0x00000000080027e8                _fini
 .fini          0x00000000080027ec        0x8 /app/stm32cubeide/plugins/com.st.stm32cube.ide.mcu.externaltools.gnu-tools-for-stm32.10.3-2021.10.linux64_1.0.200.202301161003/tools/bin/../lib/gcc/arm-none-eabi/10.3.1/thumb/v7-m/nofp/crtn.o
                0x00000000080027f4                . = ALIGN (0x4)
                0x00000000080027f4                _etext = .

.vfp11_veneer   0x00000000080027f4        0x0
 .vfp11_veneer  0x00000000080027f4        0x0 linker stubs

.v4_bx          0x00000000080027f4        0x0
 .v4_bx         0x00000000080027f4        0x0 linker stubs

.iplt           0x00000000080027f4        0x0
 .iplt          0x00000000080027f4        0x0 /app/stm32cubeide/plugins/com.st.stm32cube.ide.mcu.externaltools.gnu-tools-for-stm32.10.3-2021.10.linux64_1.0.200.202301161003/tools/bin/../lib/gcc/arm-none-eabi/10.3.1/thumb/v7-m/nofp/crtbegin.o

.rodata         0x00000000080027f4      0x7a8
                0x00000000080027f4                . = ALIGN (0x4)
 *(.rodata)
 .rodata        0x00000000080027f4       0x10 ./Core/Src/main.o
 *(.rodata*)
 .rodata.Font7x10
                0x0000000008002804      0x76c ./Core/Src/font.o
 .rodata.AHBPrescTable
                0x0000000008002f70       0x10 ./Core/Src/system_stm32f1xx.o
                0x0000000008002f70                AHBPrescTable
 .rodata.APBPrescTable
                0x0000000008002f80        0x8 ./Core/Src/system_stm32f1xx.o
                0x0000000008002f80                APBPrescTable
 .rodata.aPLLMULFactorTable.1
                0x0000000008002f88       0x10 ./Drivers/STM32F1xx_HAL_Driver/Src/stm32f1xx_hal_rcc.o
 .rodata.aPredivFactorTable.0
                0x0000000008002f98        0x2 ./Drivers/STM32F1xx_HAL_Driver/Src/stm32f1xx_hal_rcc.o
                0x0000000008002f9c                . = ALIGN (0x4)
 *fill*         0x0000000008002f9a        0x2 

.rel.dyn        0x0000000008002f9c        0x0
 .rel.iplt      0x0000000008002f9c        0x0 /app/stm32cubeide/plugins/com.st.stm32cube.ide.mcu.externaltools.gnu-tools-for-stm32.10.3-2021.10.linux64_1.0.200.202301161003/tools/bin/../lib/gcc/arm-none-eabi/10.3.1/thumb/v7-m/nofp/crtbegin.o

.ARM.extab      0x0000000008002f9c        0x0
                0x0000000008002f9c                . = ALIGN (0x4)
 *(.ARM.extab* .gnu.linkonce.armextab.*)
                0x0000000008002f9c                . = ALIGN (0x4)

.ARM            0x0000000008002f9c        0x0
                0x0000000008002f9c                . = ALIGN (0x4)
                0x0000000008002f9c                __exidx_start = .
 *(.ARM.exidx*)
                0x0000000008002f9c                __exidx_end = .
                0x0000000008002f9c                . = ALIGN (0x4)

.preinit_array  0x0000000008002f9c        0x0
                0x0000000008002f9c                . = ALIGN (0x4)
                0x0000000008002f9c                PROVIDE (__preinit_array_start = .)
 *(.preinit_array*)
                0x0000000008002f9c                PROVIDE (__preinit_array_end = .)
                0x0000000008002f9c                . = ALIGN (0x4)

.init_array     0x0000000008002f9c        0x4
                0x0000000008002f9c                . = ALIGN (0x4)
                0x0000000008002f9c                PROVIDE (__init_array_start = .)
 *(SORT_BY_NAME(.init_array.*))
 *(.init_array*)
 .init_array    0x0000000008002f9c        0x4 /app/stm32cubeide/plugins/com.st.stm32cube.ide.mcu.externaltools.gnu-tools-for-stm32.10.3-2021.10.linux64_1.0.200.202301161003/tools/bin/../lib/gcc/arm-none-eabi/10.3.1/thumb/v7-m/nofp/crtbegin.o
                0x0000000008002fa0                PROVIDE (__init_array_end = .)
                0x0000000008002fa0                . = ALIGN (0x4)

.fini_array     0x0000000008002fa0        0x4
                0x0000000008002fa0                . = ALIGN (0x4)
                [!provide]                        PROVIDE (__fini_array_start = .)
 *(SORT_BY_NAME(.fini_array.*))
 *(.fini_array*)
 .fini_array    0x0000000008002fa0        0x4 /app/stm32cubeide/plugins/com.st.stm32cube.ide.mcu.externaltools.gnu-tools-for-stm32.10.3-2021.10.linux64_1.0.200.202301161003/tools/bin/../lib/gcc/arm-none-eabi/10.3.1/thumb/v7-m/nofp/crtbegin.o
                [!provide]                        PROVIDE (__fini_array_end = .)
                0x0000000008002fa4                . = ALIGN (0x4)
                0x0000000008002fa4                _sidata = LOADADDR (.data)

.data           0x0000000020000000       0x14 load address 0x0000000008002fa4
                0x0000000020000000                . = ALIGN (0x4)
                0x0000000020000000                _sdata = .
 *(.data)
 *(.data*)
 .data.Font_7x10
                0x0000000020000000        0x8 ./Core/Src/font.o
                0x0000000020000000                Font_7x10
 .data.SystemCoreClock
                0x0000000020000008        0x4 ./Core/Src/system_stm32f1xx.o
                0x0000000020000008                SystemCoreClock
 .data.uwTickPrio
                0x000000002000000c        0x4 ./Drivers/STM32F1xx_HAL_Driver/Src/stm32f1xx_hal.o
                0x000000002000000c                uwTickPrio
 .data.uwTickFreq
                0x0000000020000010        0x1 ./Drivers/STM32F1xx_HAL_Driver/Src/stm32f1xx_hal.o
                0x0000000020000010                uwTickFreq
 *(.RamFunc)
 *(.RamFunc*)
                0x0000000020000014                . = ALIGN (0x4)
 *fill*         0x0000000020000011        0x3 
                0x0000000020000014                _edata = .

.igot.plt       0x0000000020000014        0x0 load address 0x0000000008002fb8
 .igot.plt      0x0000000020000014        0x0 /app/stm32cubeide/plugins/com.st.stm32cube.ide.mcu.externaltools.gnu-tools-for-stm32.10.3-2021.10.linux64_1.0.200.202301161003/tools/bin/../lib/gcc/arm-none-eabi/10.3.1/thumb/v7-m/nofp/crtbegin.o
                0x0000000020000014                . = ALIGN (0x4)

.bss            0x0000000020000014      0x480 load address 0x0000000008002fb8
                0x0000000020000014                _sbss = .
                0x0000000020000014                __bss_start__ = _sbss
 *(.bss)
 .bss           0x0000000020000014       0x1c /app/stm32cubeide/plugins/com.st.stm32cube.ide.mcu.externaltools.gnu-tools-for-stm32.10.3-2021.10.linux64_1.0.200.202301161003/tools/bin/../lib/gcc/arm-none-eabi/10.3.1/thumb/v7-m/nofp/crtbegin.o
 *(.bss*)
 .bss.hi2c1     0x0000000020000030       0x54 ./Core/Src/main.o
                0x0000000020000030                hi2c1
 .bss.SSD1306   0x0000000020000084        0x8 ./Core/Src/ssd1306.o
 .bss.SSD1306_Buffer
                0x000000002000008c      0x400 ./Core/Src/ssd1306.o
 .bss.display_geometry
                0x000000002000048c        0x1 ./Core/Src/ssd1306.o
                0x000000002000048c                display_geometry
 *fill*         0x000000002000048d        0x3 
 .bss.uwTick    0x0000000020000490        0x4 ./Drivers/STM32F1xx_HAL_Driver/Src/stm32f1xx_hal.o
                0x0000000020000490                uwTick
 *(COMMON)
                0x0000000020000494                . = ALIGN (0x4)
                0x0000000020000494                _ebss = .
                0x0000000020000494                __bss_end__ = _ebss

._user_heap_stack
                0x0000000020000494      0x604 load address 0x0000000008002fb8
                0x0000000020000498                . = ALIGN (0x8)
 *fill*         0x0000000020000494        0x4 
                [!provide]                        PROVIDE (end = .)
                0x0000000020000498                PROVIDE (_end = .)
                0x0000000020000698                . = (. + _Min_Heap_Size)
 *fill*         0x0000000020000498      0x200 
                0x0000000020000a98                . = (. + _Min_Stack_Size)
 *fill*         0x0000000020000698      0x400 
                0x0000000020000a98                . = ALIGN (0x8)

/DISCARD/
 libc.a(*)
 libm.a(*)
 libgcc.a(*)

.ARM.attributes
                0x0000000000000000       0x29
 *(.ARM.attributes)
 .ARM.attributes
                0x0000000000000000       0x1d /app/stm32cubeide/plugins/com.st.stm32cube.ide.mcu.externaltools.gnu-tools-for-stm32.10.3-2021.10.linux64_1.0.200.202301161003/tools/bin/../lib/gcc/arm-none-eabi/10.3.1/thumb/v7-m/nofp/crti.o
 .ARM.attributes
                0x000000000000001d       0x2d /app/stm32cubeide/plugins/com.st.stm32cube.ide.mcu.externaltools.gnu-tools-for-stm32.10.3-2021.10.linux64_1.0.200.202301161003/tools/bin/../lib/gcc/arm-none-eabi/10.3.1/thumb/v7-m/nofp/crtbegin.o
 .ARM.attributes
                0x000000000000004a       0x2d ./Core/Src/font.o
 .ARM.attributes
                0x0000000000000077       0x2d ./Core/Src/main.o
 .ARM.attributes
                0x00000000000000a4       0x2d ./Core/Src/ssd1306.o
 .ARM.attributes
                0x00000000000000d1       0x2d ./Core/Src/stm32f1xx_hal_msp.o
 .ARM.attributes
                0x00000000000000fe       0x2d ./Core/Src/stm32f1xx_it.o
 .ARM.attributes
                0x000000000000012b       0x2d ./Core/Src/system_stm32f1xx.o
 .ARM.attributes
                0x0000000000000158       0x21 ./Core/Startup/startup_stm32f103c8tx.o
 .ARM.attributes
                0x0000000000000179       0x2d ./Drivers/STM32F1xx_HAL_Driver/Src/stm32f1xx_hal.o
 .ARM.attributes
                0x00000000000001a6       0x2d ./Drivers/STM32F1xx_HAL_Driver/Src/stm32f1xx_hal_cortex.o
 .ARM.attributes
                0x00000000000001d3       0x2d ./Drivers/STM32F1xx_HAL_Driver/Src/stm32f1xx_hal_gpio.o
 .ARM.attributes
                0x0000000000000200       0x2d ./Drivers/STM32F1xx_HAL_Driver/Src/stm32f1xx_hal_i2c.o
 .ARM.attributes
                0x000000000000022d       0x2d ./Drivers/STM32F1xx_HAL_Driver/Src/stm32f1xx_hal_rcc.o
 .ARM.attributes
                0x000000000000025a       0x2d /app/stm32cubeide/plugins/com.st.stm32cube.ide.mcu.externaltools.gnu-tools-for-stm32.10.3-2021.10.linux64_1.0.200.202301161003/tools/bin/../lib/gcc/arm-none-eabi/10.3.1/../../../../arm-none-eabi/lib/thumb/v7-m/nofp/libc_nano.a(lib_a-init.o)
 .ARM.attributes
                0x0000000000000287       0x2d /app/stm32cubeide/plugins/com.st.stm32cube.ide.mcu.externaltools.gnu-tools-for-stm32.10.3-2021.10.linux64_1.0.200.202301161003/tools/bin/../lib/gcc/arm-none-eabi/10.3.1/../../../../arm-none-eabi/lib/thumb/v7-m/nofp/libc_nano.a(lib_a-memset.o)
 .ARM.attributes
                0x00000000000002b4       0x1d /app/stm32cubeide/plugins/com.st.stm32cube.ide.mcu.externaltools.gnu-tools-for-stm32.10.3-2021.10.linux64_1.0.200.202301161003/tools/bin/../lib/gcc/arm-none-eabi/10.3.1/thumb/v7-m/nofp/crtn.o
OUTPUT(display_output_animation_system.elf elf32-littlearm)
LOAD linker stubs
LOAD /app/stm32cubeide/plugins/com.st.stm32cube.ide.mcu.externaltools.gnu-tools-for-stm32.10.3-2021.10.linux64_1.0.200.202301161003/tools/bin/../lib/gcc/arm-none-eabi/10.3.1/../../../../arm-none-eabi/lib/thumb/v7-m/nofp/libc.a
LOAD /app/stm32cubeide/plugins/com.st.stm32cube.ide.mcu.externaltools.gnu-tools-for-stm32.10.3-2021.10.linux64_1.0.200.202301161003/tools/bin/../lib/gcc/arm-none-eabi/10.3.1/../../../../arm-none-eabi/lib/thumb/v7-m/nofp/libm.a
LOAD /app/stm32cubeide/plugins/com.st.stm32cube.ide.mcu.externaltools.gnu-tools-for-stm32.10.3-2021.10.linux64_1.0.200.202301161003/tools/bin/../lib/gcc/arm-none-eabi/10.3.1/thumb/v7-m/nofp/libgcc.a

.debug_info     0x0000000000000000     0x7364
 .debug_info    0x0000000000000000      0x1ae ./Core/Src/font.o
 .debug_info    0x00000000000001ae      0xaea ./Core/Src/main.o
 .debug_info    0x0000000000000c98     0x1251 ./Core/Src/ssd1306.o
 .debug_info    0x0000000000001ee9      0x8bb ./Core/Src/stm32f1xx_hal_msp.o
 .debug_info    0x00000000000027a4      0x122 ./Core/Src/stm32f1xx_it.o
 .debug_info    0x00000000000028c6      0x23d ./Core/Src/system_stm32f1xx.o
 .debug_info    0x0000000000002b03       0x22 ./Core/Startup/startup_stm32f103c8tx.o
 .debug_info    0x0000000000002b25      0x734 ./Drivers/STM32F1xx_HAL_Driver/Src/stm32f1xx_hal.o
 .debug_info    0x0000000000003259      0xb20 ./Drivers/STM32F1xx_HAL_Driver/Src/stm32f1xx_hal_cortex.o
 .debug_info    0x0000000000003d79      0x615 ./Drivers/STM32F1xx_HAL_Driver/Src/stm32f1xx_hal_gpio.o
 .debug_info    0x000000000000438e     0x2771 ./Drivers/STM32F1xx_HAL_Driver/Src/stm32f1xx_hal_i2c.o
 .debug_info    0x0000000000006aff      0x865 ./Drivers/STM32F1xx_HAL_Driver/Src/stm32f1xx_hal_rcc.o

.debug_abbrev   0x0000000000000000     0x15c2
 .debug_abbrev  0x0000000000000000       0xad ./Core/Src/font.o
 .debug_abbrev  0x00000000000000ad      0x2b1 ./Core/Src/main.o
 .debug_abbrev  0x000000000000035e      0x33c ./Core/Src/ssd1306.o
 .debug_abbrev  0x000000000000069a      0x194 ./Core/Src/stm32f1xx_hal_msp.o
 .debug_abbrev  0x000000000000082e       0x74 ./Core/Src/stm32f1xx_it.o
 .debug_abbrev  0x00000000000008a2      0x13b ./Core/Src/system_stm32f1xx.o
 .debug_abbrev  0x00000000000009dd       0x12 ./Core/Startup/startup_stm32f103c8tx.o
 .debug_abbrev  0x00000000000009ef      0x1fb ./Drivers/STM32F1xx_HAL_Driver/Src/stm32f1xx_hal.o
 .debug_abbrev  0x0000000000000bea      0x2ed ./Drivers/STM32F1xx_HAL_Driver/Src/stm32f1xx_hal_cortex.o
 .debug_abbrev  0x0000000000000ed7      0x1bb ./Drivers/STM32F1xx_HAL_Driver/Src/stm32f1xx_hal_gpio.o
 .debug_abbrev  0x0000000000001092      0x288 ./Drivers/STM32F1xx_HAL_Driver/Src/stm32f1xx_hal_i2c.o
 .debug_abbrev  0x000000000000131a      0x2a8 ./Drivers/STM32F1xx_HAL_Driver/Src/stm32f1xx_hal_rcc.o

.debug_aranges  0x0000000000000000      0x7e0
 .debug_aranges
                0x0000000000000000       0x18 ./Core/Src/font.o
 .debug_aranges
                0x0000000000000018       0x40 ./Core/Src/main.o
 .debug_aranges
                0x0000000000000058      0x138 ./Core/Src/ssd1306.o
 .debug_aranges
                0x0000000000000190       0x30 ./Core/Src/stm32f1xx_hal_msp.o
 .debug_aranges
                0x00000000000001c0       0x60 ./Core/Src/stm32f1xx_it.o
 .debug_aranges
                0x0000000000000220       0x28 ./Core/Src/system_stm32f1xx.o
 .debug_aranges
                0x0000000000000248       0x28 ./Core/Startup/startup_stm32f103c8tx.o
 .debug_aranges
                0x0000000000000270       0xe0 ./Drivers/STM32F1xx_HAL_Driver/Src/stm32f1xx_hal.o
 .debug_aranges
                0x0000000000000350      0x100 ./Drivers/STM32F1xx_HAL_Driver/Src/stm32f1xx_hal_cortex.o
 .debug_aranges
                0x0000000000000450       0x58 ./Drivers/STM32F1xx_HAL_Driver/Src/stm32f1xx_hal_gpio.o
 .debug_aranges
                0x00000000000004a8      0x2a8 ./Drivers/STM32F1xx_HAL_Driver/Src/stm32f1xx_hal_i2c.o
 .debug_aranges
                0x0000000000000750       0x90 ./Drivers/STM32F1xx_HAL_Driver/Src/stm32f1xx_hal_rcc.o

.debug_macro    0x0000000000000000    0x16a51
 .debug_macro   0x0000000000000000       0x6d ./Core/Src/font.o
 .debug_macro   0x000000000000006d      0xa6c ./Core/Src/font.o
 .debug_macro   0x0000000000000ad9       0x22 ./Core/Src/font.o
 .debug_macro   0x0000000000000afb       0x8e ./Core/Src/font.o
 .debug_macro   0x0000000000000b89       0x51 ./Core/Src/font.o
 .debug_macro   0x0000000000000bda      0x103 ./Core/Src/font.o
 .debug_macro   0x0000000000000cdd       0x6a ./Core/Src/font.o
 .debug_macro   0x0000000000000d47      0x1df ./Core/Src/font.o
 .debug_macro   0x0000000000000f26      0x2c4 ./Core/Src/main.o
 .debug_macro   0x00000000000011ea      0x215 ./Core/Src/main.o
 .debug_macro   0x00000000000013ff       0x2e ./Core/Src/main.o
 .debug_macro   0x000000000000142d       0x22 ./Core/Src/main.o
 .debug_macro   0x000000000000144f       0x1c ./Core/Src/main.o
 .debug_macro   0x000000000000146b       0x22 ./Core/Src/main.o
 .debug_macro   0x000000000000148d       0xbd ./Core/Src/main.o
 .debug_macro   0x000000000000154a      0xd23 ./Core/Src/main.o
 .debug_macro   0x000000000000226d     0xe09e ./Core/Src/main.o
 .debug_macro   0x000000000001030b       0x6d ./Core/Src/main.o
 .debug_macro   0x0000000000010378     0x34a2 ./Core/Src/main.o
 .debug_macro   0x000000000001381a      0x174 ./Core/Src/main.o
 .debug_macro   0x000000000001398e       0x5c ./Core/Src/main.o
 .debug_macro   0x00000000000139ea      0x5bc ./Core/Src/main.o
 .debug_macro   0x0000000000013fa6      0x289 ./Core/Src/main.o
 .debug_macro   0x000000000001422f      0x1cb ./Core/Src/main.o
 .debug_macro   0x00000000000143fa      0x114 ./Core/Src/main.o
 .debug_macro   0x000000000001450e      0x1b2 ./Core/Src/main.o
 .debug_macro   0x00000000000146c0       0x27 ./Core/Src/main.o
 .debug_macro   0x00000000000146e7      0x136 ./Core/Src/main.o
 .debug_macro   0x000000000001481d      0x1bc ./Core/Src/main.o
 .debug_macro   0x00000000000149d9       0x34 ./Core/Src/main.o
 .debug_macro   0x0000000000014a0d       0x3c ./Core/Src/main.o
 .debug_macro   0x0000000000014a49       0x57 ./Core/Src/main.o
 .debug_macro   0x0000000000014aa0       0x87 ./Core/Src/main.o
 .debug_macro   0x0000000000014b27      0x240 ./Core/Src/main.o
 .debug_macro   0x0000000000014d67      0x287 ./Core/Src/main.o
 .debug_macro   0x0000000000014fee      0x140 ./Core/Src/main.o
 .debug_macro   0x000000000001512e       0x83 ./Core/Src/main.o
 .debug_macro   0x00000000000151b1       0x1c ./Core/Src/main.o
 .debug_macro   0x00000000000151cd       0x18 ./Core/Src/main.o
 .debug_macro   0x00000000000151e5       0x52 ./Core/Src/main.o
 .debug_macro   0x0000000000015237       0x3c ./Core/Src/main.o
 .debug_macro   0x0000000000015273       0x34 ./Core/Src/main.o
 .debug_macro   0x00000000000152a7       0x16 ./Core/Src/main.o
 .debug_macro   0x00000000000152bd       0x35 ./Core/Src/main.o
 .debug_macro   0x00000000000152f2       0x16 ./Core/Src/main.o
 .debug_macro   0x0000000000015308       0x43 ./Core/Src/main.o
 .debug_macro   0x000000000001534b       0x34 ./Core/Src/main.o
 .debug_macro   0x000000000001537f       0x10 ./Core/Src/main.o
 .debug_macro   0x000000000001538f       0x58 ./Core/Src/main.o
 .debug_macro   0x00000000000153e7       0x71 ./Core/Src/main.o
 .debug_macro   0x0000000000015458       0x1c ./Core/Src/main.o
 .debug_macro   0x0000000000015474      0x12a ./Core/Src/main.o
 .debug_macro   0x000000000001559e      0x341 ./Core/Src/main.o
 .debug_macro   0x00000000000158df       0x16 ./Core/Src/main.o
 .debug_macro   0x00000000000158f5       0x29 ./Core/Src/main.o
 .debug_macro   0x000000000001591e       0x16 ./Core/Src/main.o
 .debug_macro   0x0000000000015934       0x20 ./Core/Src/main.o
 .debug_macro   0x0000000000015954       0xca ./Core/Src/main.o
 .debug_macro   0x0000000000015a1e      0x2b6 ./Core/Src/ssd1306.o
 .debug_macro   0x0000000000015cd4      0x198 ./Core/Src/stm32f1xx_hal_msp.o
 .debug_macro   0x0000000000015e6c      0x1a2 ./Core/Src/stm32f1xx_it.o
 .debug_macro   0x000000000001600e      0x18e ./Core/Src/system_stm32f1xx.o
 .debug_macro   0x000000000001619c      0x1b2 ./Drivers/STM32F1xx_HAL_Driver/Src/stm32f1xx_hal.o
 .debug_macro   0x000000000001634e      0x18e ./Drivers/STM32F1xx_HAL_Driver/Src/stm32f1xx_hal_cortex.o
 .debug_macro   0x00000000000164dc      0x1f9 ./Drivers/STM32F1xx_HAL_Driver/Src/stm32f1xx_hal_gpio.o
 .debug_macro   0x00000000000166d5      0x1dc ./Drivers/STM32F1xx_HAL_Driver/Src/stm32f1xx_hal_i2c.o
 .debug_macro   0x00000000000168b1      0x1a0 ./Drivers/STM32F1xx_HAL_Driver/Src/stm32f1xx_hal_rcc.o

.debug_line     0x0000000000000000     0x95c6
 .debug_line    0x0000000000000000      0x33a ./Core/Src/font.o
 .debug_line    0x000000000000033a      0x8f3 ./Core/Src/main.o
 .debug_line    0x0000000000000c2d     0x122f ./Core/Src/ssd1306.o
 .debug_line    0x0000000000001e5c      0x646 ./Core/Src/stm32f1xx_hal_msp.o
 .debug_line    0x00000000000024a2      0x6be ./Core/Src/stm32f1xx_it.o
 .debug_line    0x0000000000002b60      0x67a ./Core/Src/system_stm32f1xx.o
 .debug_line    0x00000000000031da       0x86 ./Core/Startup/startup_stm32f103c8tx.o
 .debug_line    0x0000000000003260      0x8a7 ./Drivers/STM32F1xx_HAL_Driver/Src/stm32f1xx_hal.o
 .debug_line    0x0000000000003b07      0xa8f ./Drivers/STM32F1xx_HAL_Driver/Src/stm32f1xx_hal_cortex.o
 .debug_line    0x0000000000004596      0x940 ./Drivers/STM32F1xx_HAL_Driver/Src/stm32f1xx_hal_gpio.o
 .debug_line    0x0000000000004ed6     0x3a3d ./Drivers/STM32F1xx_HAL_Driver/Src/stm32f1xx_hal_i2c.o
 .debug_line    0x0000000000008913      0xcb3 ./Drivers/STM32F1xx_HAL_Driver/Src/stm32f1xx_hal_rcc.o

.debug_str      0x0000000000000000    0x81a92
 .debug_str     0x0000000000000000     0x3af4 ./Core/Src/font.o
                                       0x3c65 (size before relaxing)
 .debug_str     0x0000000000003af4    0x7c018 ./Core/Src/main.o
                                      0x7fe98 (size before relaxing)
 .debug_str     0x000000000007fb0c      0x388 ./Core/Src/ssd1306.o
                                      0x8002d (size before relaxing)
 .debug_str     0x000000000007fe94       0xdc ./Core/Src/stm32f1xx_hal_msp.o
                                      0x7ca1f (size before relaxing)
 .debug_str     0x000000000007ff70       0xc9 ./Core/Src/stm32f1xx_it.o
                                      0x7c530 (size before relaxing)
 .debug_str     0x0000000000080039       0x7e ./Core/Src/system_stm32f1xx.o
                                      0x7c546 (size before relaxing)
 .debug_str     0x00000000000800b7       0x36 ./Core/Startup/startup_stm32f103c8tx.o
                                         0x87 (size before relaxing)
 .debug_str     0x00000000000800ed      0x607 ./Drivers/STM32F1xx_HAL_Driver/Src/stm32f1xx_hal.o
                                      0x7cc79 (size before relaxing)
 .debug_str     0x00000000000806f4      0x2bb ./Drivers/STM32F1xx_HAL_Driver/Src/stm32f1xx_hal_cortex.o
                                      0x7cbc5 (size before relaxing)
 .debug_str     0x00000000000809af      0x322 ./Drivers/STM32F1xx_HAL_Driver/Src/stm32f1xx_hal_gpio.o
                                      0x7c8cc (size before relaxing)
 .debug_str     0x0000000000080cd1      0xbb8 ./Drivers/STM32F1xx_HAL_Driver/Src/stm32f1xx_hal_i2c.o
                                      0x7d60d (size before relaxing)
 .debug_str     0x0000000000081889      0x209 ./Drivers/STM32F1xx_HAL_Driver/Src/stm32f1xx_hal_rcc.o
                                      0x7c975 (size before relaxing)

.comment        0x0000000000000000       0x50
 .comment       0x0000000000000000       0x50 ./Core/Src/font.o
                                         0x51 (size before relaxing)
 .comment       0x0000000000000050       0x51 ./Core/Src/main.o
 .comment       0x0000000000000050       0x51 ./Core/Src/ssd1306.o
 .comment       0x0000000000000050       0x51 ./Core/Src/stm32f1xx_hal_msp.o
 .comment       0x0000000000000050       0x51 ./Core/Src/stm32f1xx_it.o
 .comment       0x0000000000000050       0x51 ./Core/Src/system_stm32f1xx.o
 .comment       0x0000000000000050       0x51 ./Drivers/STM32F1xx_HAL_Driver/Src/stm32f1xx_hal.o
 .comment       0x0000000000000050       0x51 ./Drivers/STM32F1xx_HAL_Driver/Src/stm32f1xx_hal_cortex.o
 .comment       0x0000000000000050       0x51 ./Drivers/STM32F1xx_HAL_Driver/Src/stm32f1xx_hal_gpio.o
 .comment       0x0000000000000050       0x51 ./Drivers/STM32F1xx_HAL_Driver/Src/stm32f1xx_hal_i2c.o
 .comment       0x0000000000000050       0x51 ./Drivers/STM32F1xx_HAL_Driver/Src/stm32f1xx_hal_rcc.o

.debug_ranges   0x0000000000000000      0x738
 .debug_ranges  0x0000000000000000       0x30 ./Core/Src/main.o
 .debug_ranges  0x0000000000000030      0x128 ./Core/Src/ssd1306.o
 .debug_ranges  0x0000000000000158       0x20 ./Core/Src/stm32f1xx_hal_msp.o
 .debug_ranges  0x0000000000000178       0x50 ./Core/Src/stm32f1xx_it.o
 .debug_ranges  0x00000000000001c8       0x18 ./Core/Src/system_stm32f1xx.o
 .debug_ranges  0x00000000000001e0       0x20 ./Core/Startup/startup_stm32f103c8tx.o
 .debug_ranges  0x0000000000000200       0xd0 ./Drivers/STM32F1xx_HAL_Driver/Src/stm32f1xx_hal.o
 .debug_ranges  0x00000000000002d0       0xf0 ./Drivers/STM32F1xx_HAL_Driver/Src/stm32f1xx_hal_cortex.o
 .debug_ranges  0x00000000000003c0       0x48 ./Drivers/STM32F1xx_HAL_Driver/Src/stm32f1xx_hal_gpio.o
 .debug_ranges  0x0000000000000408      0x2b0 ./Drivers/STM32F1xx_HAL_Driver/Src/stm32f1xx_hal_i2c.o
 .debug_ranges  0x00000000000006b8       0x80 ./Drivers/STM32F1xx_HAL_Driver/Src/stm32f1xx_hal_rcc.o

.debug_frame    0x0000000000000000     0x1f24
 .debug_frame   0x0000000000000000       0xb0 ./Core/Src/main.o
 .debug_frame   0x00000000000000b0      0x508 ./Core/Src/ssd1306.o
 .debug_frame   0x00000000000005b8       0x80 ./Core/Src/stm32f1xx_hal_msp.o
 .debug_frame   0x0000000000000638      0x104 ./Core/Src/stm32f1xx_it.o
 .debug_frame   0x000000000000073c       0x58 ./Core/Src/system_stm32f1xx.o
 .debug_frame   0x0000000000000794      0x334 ./Drivers/STM32F1xx_HAL_Driver/Src/stm32f1xx_hal.o
 .debug_frame   0x0000000000000ac8      0x428 ./Drivers/STM32F1xx_HAL_Driver/Src/stm32f1xx_hal_cortex.o
 .debug_frame   0x0000000000000ef0      0x14c ./Drivers/STM32F1xx_HAL_Driver/Src/stm32f1xx_hal_gpio.o
 .debug_frame   0x000000000000103c      0xc84 ./Drivers/STM32F1xx_HAL_Driver/Src/stm32f1xx_hal_i2c.o
 .debug_frame   0x0000000000001cc0      0x218 ./Drivers/STM32F1xx_HAL_Driver/Src/stm32f1xx_hal_rcc.o
 .debug_frame   0x0000000000001ed8       0x2c /app/stm32cubeide/plugins/com.st.stm32cube.ide.mcu.externaltools.gnu-tools-for-stm32.10.3-2021.10.linux64_1.0.200.202301161003/tools/bin/../lib/gcc/arm-none-eabi/10.3.1/../../../../arm-none-eabi/lib/thumb/v7-m/nofp/libc_nano.a(lib_a-init.o)
 .debug_frame   0x0000000000001f04       0x20 /app/stm32cubeide/plugins/com.st.stm32cube.ide.mcu.externaltools.gnu-tools-for-stm32.10.3-2021.10.linux64_1.0.200.202301161003/tools/bin/../lib/gcc/arm-none-eabi/10.3.1/../../../../arm-none-eabi/lib/thumb/v7-m/nofp/libc_nano.a(lib_a-memset.o)
